🚀 Executing: /home/kasm-user/LearnlyticaAssessments/DataBricksAug/Q025/.venv/bin/python test_runner.py
📁 Working directory: /home/kasm-user/LearnlyticaAssessments/DataBricksAug/Q025
[UniversalRunner] Spawning process: /home/kasm-user/LearnlyticaAssessments/DataBricksAug/Q025/.venv/bin/python [ 'test_runner.py' ]
[UniversalRunner] Current directory: /home/kasm-user/LearnlyticaAssessments/DataBricksAug/Q025
[UniversalRunner] Process spawned, PID: 2926232
Setting default log level to "WARN".
To adjust logging level use sc.setLogLevel(newLevel). For SparkR, use setLogLevel(newLevel).
26/10/03 19:09:40 WARN NativeCodeLoader: Unable to load native-hadoop library for your platform... using builtin-java classes where applicable
....F.
=================================== FAILURES ===================================
_______________________ test_05_care_team_alert_summary ________________________
spark = <pyspark.sql.session.SparkSession object at 0x72bcabaf1b10>
    def test_05_care_team_alert_summary(spark):
        def body():
            o=spark.createDataFrame([('O1','P1','Warning',100),('O2','P2','Critical',130),('O3','P3','Normal',70)],['observation_id','patient_id','alert_level','heart_rate'])
            p=spark.createDataFrame([('P1','TeamA'),('P2','TeamA'),('P3','TeamB')],['patient_id','care_team'])
            rows=solution.care_team_alert_summary(o,p).collect(); assert len(rows)==1, f'Expected one team row, got {rows}'
            r=rows[0]; assert r['care_team']=='TeamA' and r['alert_count']==2 and abs(float(r['avg_heart_rate'])-115.0)<1e-9, f'Wrong summary {r}'
>       _run(5,'care_team_alert_summary','Joined Warning/Critical count and avg heart rate',body)
test_configurable_functions.py:61: 
_ _ _ _ _ _ _ _ _ _ _ _ _ _ _ _ _ _ _ _ _ _ _ _ _ _ _ _ _ _ _ _ _ _ _ _ _ _ _ _ 
test_configurable_functions.py:20: in _run
    fn(); _log(no,name,"PASS")
test_configurable_functions.py:60: in body
    r=rows[0]; assert r['care_team']=='TeamA' and r['alert_count']==2 and abs(float(r['avg_heart_rate'])-115.0)<1e-9, f'Wrong summary {r}'
.venv/lib/python3.10/site-packages/pyspark/sql/utils.py:174: in wrapped
    return f(*args, **kwargs)
.venv/lib/python3.10/site-packages/pyspark/sql/functions.py:615: in abs
    return _invoke_function_over_columns("abs", col)
.venv/lib/python3.10/site-packages/pyspark/sql/functions.py:105: in _invoke_function_over_columns
    return _invoke_function(name, *(_to_java_column(col) for col in cols))
.venv/lib/python3.10/site-packages/pyspark/sql/functions.py:105: in <genexpr>
    return _invoke_function(name, *(_to_java_column(col) for col in cols))
_ _ _ _ _ _ _ _ _ _ _ _ _ _ _ _ _ _ _ _ _ _ _ _ _ _ _ _ _ _ _ _ _ _ _ _ _ _ _ _ 
col = 0.0
    def _to_java_column(col: "ColumnOrName") -> JavaObject:
        if isinstance(col, Column):
            jcol = col._jc
        elif isinstance(col, str):
            jcol = _create_column_from_name(col)
        else:
>           raise PySparkTypeError(
                error_class="NOT_COLUMN_OR_STR",
                message_parameters={"arg_name": "col", "arg_type": type(col).__name__},
            )
E           pyspark.errors.exceptions.base.PySparkTypeError: [NOT_COLUMN_OR_STR] Argument `col` should be a Column or str, got float.
.venv/lib/python3.10/site-packages/pyspark/sql/column.py:65: PySparkTypeError
=========================== short test summary info ============================
FAILED test_configurable_functions.py::test_05_care_team_alert_summary - pyspark.errors.exceptions.base.PySparkTypeError: [NOT_COLUMN_OR_STR] Argument `col` should be a Column or str, got float.
1 failed, 5 passed in 13.22s
[UniversalRunner] Process closed with code: 1
⚠️ Command exited with code 1
✅ Success! generated: /home/kasm-user/LearnlyticaAssessments/DataBricksAug/Q025/test_report.log
📊 Summary: 0 Passed, 0 Failed
